// Jest Snapshot v1, https://goo.gl/fbAQLP

exports[`<FighterChoice> should match the snapshot 1`] = `"<div class=\\"FighterChoice vertical \\" style=\\"background-image:url(https://ik.imagekit.io/ozcerk4wii/fighter/thumb_v/mario.png)\\" alt=\\"fighter: mario\\" role=\\"button\\"><div class=\\"helpText center-container\\"><p>Click to Select Fighter</p></div></div><div class=\\"FighterChoice horizontal \\" style=\\"background-image:url(https://ik.imagekit.io/ozcerk4wii/fighter/thumb_a/mario.png)\\" alt=\\"fighter: mario\\" role=\\"button\\"><div class=\\"helpText center-container\\"><p>Click to Select Fighter</p></div></div>"`;
