// Jest Snapshot v1, https://goo.gl/fbAQLP

exports[`<Stage> should match the snapshot 1`] = `"<div class=\\"stage selected\\" role=\\"button\\"><div class=\\"stageCard\\"><img alt=\\"stage: Random\\"/><div class=\\"selectedStageToken\\"><img alt=\\"Stage select token\\" style=\\"position:relative;top:27px;left:50px\\"/></div></div></div>"`;
